// Jest Snapshot v1, https://goo.gl/fbAQLP

exports[`Test Login form match with snapshot 1`] = `
<div>
  <div
    className="login-name"
  >
    Name
  </div>
  <div
    className="login-password"
  >
    Password
  </div>
</div>
`;
